// Jest Snapshot v1, https://goo.gl/fbAQLP

exports[`defaultSaga Saga should call the repoLoadingError action if the response errors 1`] = `
Object {
  "@@redux-saga/IO": true,
  "CALL": Object {
    "args": Array [
      "https://pixabay.com/api?q=cats&min_width=200&min_height=200&key=9338657-e7b2ac124243b90813e3ed097",
    ],
    "context": null,
    "fn": [Function],
  },
}
`;

exports[`defaultSaga Saga should dispatch the loadImagesSuccess action if it requests the data successfully 1`] = `
Object {
  "@@redux-saga/IO": true,
  "CALL": Object {
    "args": Array [
      "https://pixabay.com/api?q=cats&min_width=200&min_height=200&key=9338657-e7b2ac124243b90813e3ed097",
    ],
    "context": null,
    "fn": [Function],
  },
}
`;
